<html>
<body>
<pre>
<h1>µVision Build Log</h1>
<h2>Tool Versions:</h2>
IDE-Version: µVision V5.31.0.0
Copyright (C) 2020 ARM Ltd and ARM Germany GmbH. All rights reserved.
License Information: f j, j, LIC=BUURY-IG8AK-BSCYX-HZK3C-H9EM3-IXGM4
 
Tool Versions:
Toolchain:       MDK-ARM Plus  Version: 5.31.0.0
Toolchain Path:  C:\Keil_v5\ARM\ARMCC\Bin
C Compiler:      Armcc.exe V5.06 update 6 (build 750)
Assembler:       Armasm.exe V5.06 update 6 (build 750)
Linker/Locator:  ArmLink.exe V5.06 update 6 (build 750)
Library Manager: ArmAr.exe V5.06 update 6 (build 750)
Hex Converter:   FromElf.exe V5.06 update 6 (build 750)
CPU DLL:         SARMCM3.DLL V5.31.0.0
Dialog DLL:      DCM.DLL V1.17.3.0
Target DLL:      STLink\ST-LINKIII-KEIL_SWO.dll V3.0.7.0
Dialog DLL:      TCM.DLL V1.46.0.0
 
<h2>Project:</h2>
H:\Embedded\MCU\STM32\13_STM32F401CCU6\01_LedProject\MDK-ARM\LedPixel.uvprojx
Project File Date:  05/25/2025

<h2>Output:</h2>
*** Using Compiler 'V5.06 update 6 (build 750)', folder: 'C:\Keil_v5\ARM\ARMCC\Bin'
Build target 'LedPixel'
compiling main.c...
../Core/Src/main.c(269): warning:  #550-D: variable "u1a_TransferDat"  was set but never used
    uint8_t u1a_TransferDat[2U];
../Core/Src/main.c(331): warning:  #223-D: function "atan" declared implicitly
        f4a_Pitch = atan(-u2a_AccX / sqrt(pow(u2a_AccY, 2) + pow(u2a_AccZ, 2))) * 180 / F4L_M_PI;
../Core/Src/main.c(331): warning:  #223-D: function "sqrt" declared implicitly
        f4a_Pitch = atan(-u2a_AccX / sqrt(pow(u2a_AccY, 2) + pow(u2a_AccZ, 2))) * 180 / F4L_M_PI;
../Core/Src/main.c(331): warning:  #223-D: function "pow" declared implicitly
        f4a_Pitch = atan(-u2a_AccX / sqrt(pow(u2a_AccY, 2) + pow(u2a_AccZ, 2))) * 180 / F4L_M_PI;
../Core/Src/main.c(307): warning:  #550-D: variable "f4a_Pitch"  was set but never used
      float f4a_Pitch;
../Core/Src/main.c(309): warning:  #177-D: variable "f4a_Roll"  was declared but never referenced
      float f4a_Roll;
../Core/Src/main.c(408): warning:  #550-D: variable "u1a_YgTest"  was set but never used
    uint8_t u1a_YgTest;
../Core/Src/main.c(409): warning:  #550-D: variable "u1a_ZgTest"  was set but never used
    uint8_t u1a_ZgTest;
../Core/Src/main.c(412): warning:  #177-D: variable "u1a_Exponent"  was declared but never referenced
    uint8_t u1a_Exponent;
../Core/Src/main.c(403): warning:  #177-D: function "f_Mpu6050_SelfTest"  was declared but never referenced
  static uint8_t f_Mpu6050_SelfTest( void )
../Core/Src/main.c(472): warning:  #177-D: function "f_Mpu6050_Init"  was declared but never referenced
  void f_Mpu6050_Init( void )
../Core/Src/main.c(301): warning:  #177-D: function "f_Mpu6050_MeasurePitchRoll"  was declared but never referenced
  static void f_Mpu6050_MeasurePitchRoll( uint16_t* const p2u2a_Pitch, uint16_t* const p2u2a_Roll )
../Core/Src/main.c: 12 warnings, 0 errors
linking...
Program Size: Code=5206 RO-data=462 RW-data=36 ZI-data=1908  
FromELF: creating hex file...
"Test_Stm32f4\Test_Stm32f4.axf" - 0 Error(s), 12 Warning(s).

<h2>Software Packages used:</h2>

Package Vendor: ARM
                http://www.keil.com/pack/ARM.CMSIS.5.9.0.pack
                ARM.CMSIS.5.9.0
                CMSIS (Common Microcontroller Software Interface Standard)
   * Component: CORE Version: 5.6.0

Package Vendor: Keil
                http://www.keil.com/pack/Keil.STM32F4xx_DFP.2.16.0.pack
                Keil.STM32F4xx_DFP.2.16.0
                STMicroelectronics STM32F4 Series Device Support, Drivers and Examples

<h2>Collection of Component include folders:</h2>
  .\RTE\_LedPixel
  C:\Users\PC\AppData\Local\Arm\Packs\ARM\CMSIS\5.9.0\CMSIS\Core\Include
  C:\Users\PC\AppData\Local\Arm\Packs\Keil\STM32F4xx_DFP\2.16.0\Drivers\CMSIS\Device\ST\STM32F4xx\Include

<h2>Collection of Component Files used:</h2>

   * Component: ARM::CMSIS:CORE:5.6.0
      Include file:  CMSIS\Core\Include\tz_context.h
Build Time Elapsed:  00:00:02
</pre>
</body>
</html>
